// Jest Snapshot v1, https://goo.gl/fbAQLP

exports[`jsonDiff#flatten Get key name for flattening when using a key function 1`] = `
[
  {
    "key": "2",
    "path": "$.items",
    "type": "ADD",
    "value": {
      "_id": "2",
    },
    "valueType": "Object",
  },
  {
    "key": "1",
    "path": "$.items[?(@._id='1')]",
    "type": "REMOVE",
    "value": {
      "_id": "1",
    },
    "valueType": "Object",
  },
]
`;
